GUID['A'] = 'BF36B15D000000000000000000000000';
var availableVariables = [
['GVL_OPCUA.OPCUA_osVersion','s','A;16;4;2316568;8'],
['GVL_OPCUA.OPCUA_oxEmergency','b','A;1;4;2316559;8'],
['GVL_OPCUA.OPCUA_oxOilLevel','b','A;1;4;2316585;8'],
['GVL_OPCUA.OPCUA_oxPumpON','b','A;1;4;2316586;8'],
['GVL_OPCUA.OPCUA_oxMan','b','A;1;4;2316587;8'],
['GVL_OPCUA.OPCUA_oxAuto','b','A;1;4;2316588;8'],
['GVL_OPCUA.OPCUA_oxEnableAuto','b','A;1;4;2316589;8'],
['GVL_OPCUA.OPCUA_oxMoveEnabled','b','A;1;4;2316590;8'],
['GVL_OPCUA.OPCUA_oxSafety','b','A;1;4;2316591;8'],
['GVL_OPCUA.OPCUA_oxAlarmsLight','b','A;1;4;2316592;8'],
['GVL_OPCUA.OPCUA_oxAlarmsHeavy','b','A;1;4;2316593;8'],
['GVL_OPCUA.OPCUA_owRecID','i','A;2;4;2316594;8'],
['GVL_OPCUA.OPCUA_osRecName','s','A;32;4;2316596;8'],
['GVL_OPCUA.OPCUA_owRecProduction','i','A;2;4;2316630;8'],
['GVL_OPCUA.OPCUA_owRecDone','i','A;2;4;2316632;8'],
['GVL_OPCUA.OPCUA_oudiCPUBattery','U','A;4;4;2316636;8'],
['GVL_OPCUA.OPCUA_orPumpActive','r','A;4;4;2316640;8'],
['GVL_OPCUA.OPCUA_orOilFiltre','r','A;4;4;2316644;8'],
['GVL_OPCUA.OPCUA_iwNewRecID','i','A;2;4;2316634;8'],
['GVL_OPCUA.OPCUA_iwNewRecProduction','i','A;2;4;2316648;8'],
['GVL_OPCUA.OPCUA_ixRecLoadReq','b','A;1;4;2316629;8'],
['GVL_OPCUA.OPCUA_oxRecLoadDone','b','A;1;4;2316650;8'],
['GVL_OPCUA.OPCUA_oxRecLoadErr','b','A;1;4;2316651;8'],
['GVL_OPCUA.OPCUA_ixToggleEnableAuto','b','A;1;4;2316652;8'],
['GVL_OPCUA.OPCUA_ixResetCPumpActive','b','A;1;4;2316653;8'],
['GVL_OPCUA.OPCUA_ixResetCOilFiltre','b','A;1;4;2316654;8'],
['GVL_OPCUA.OPCUA_ixRcpExport','b','A;1;4;2316655;8'],
['GVL_OPCUA.OPCUA_ixRcpImport','b','A;1;4;2316656;8'],
['GVL_OPCUA.OPCUA_ixParLoadReq','b','A;1;4;2316657;8'],
['GVL_OPCUA.OPCUA_oxParLoadDone','b','A;1;4;2316658;8'],
['GVL_OPCUA.OPCUA_oxParLoadErr','b','A;1;4;2316659;8'],
['GVL_OPCUA.OPCUA_ixParReadReq','b','A;1;4;2316660;8'],
['GVL_OPCUA.OPCUA_oxParReadDone','b','A;1;4;2316661;8'],
['GVL_OPCUA.OPCUA_oxParReadErr','b','A;1;4;2316662;8'],
['GVL_OPCUA_Ricetta.Step[1].sAsse','s','A;10;4;2316663;8'],
['GVL_OPCUA_Ricetta.Step[1].sTarget','s','A;10;4;2316674;8'],
['GVL_OPCUA_Ricetta.Step[1].sParametro','s','A;10;4;2316685;8'],
['GVL_OPCUA_Ricetta.Step[1].bAttivo','b','A;1;4;2316696;8'],
['GVL_OPCUA_Ricetta.Step[1].bParallelo','b','A;1;4;2316697;8'],
['GVL_OPCUA_Ricetta.Step[2].sAsse','s','A;10;4;2316698;8'],
['GVL_OPCUA_Ricetta.Step[2].sTarget','s','A;10;4;2316709;8'],
['GVL_OPCUA_Ricetta.Step[2].sParametro','s','A;10;4;2316720;8'],
['GVL_OPCUA_Ricetta.Step[2].bAttivo','b','A;1;4;2316731;8'],
['GVL_OPCUA_Ricetta.Step[2].bParallelo','b','A;1;4;2316732;8'],
['GVL_OPCUA_Ricetta.Step[3].sAsse','s','A;10;4;2316733;8'],
['GVL_OPCUA_Ricetta.Step[3].sTarget','s','A;10;4;2316744;8'],
['GVL_OPCUA_Ricetta.Step[3].sParametro','s','A;10;4;2316755;8'],
['GVL_OPCUA_Ricetta.Step[3].bAttivo','b','A;1;4;2316766;8'],
['GVL_OPCUA_Ricetta.Step[3].bParallelo','b','A;1;4;2316767;8'],
['GVL_OPCUA_Ricetta.Step[4].sAsse','s','A;10;4;2316768;8'],
['GVL_OPCUA_Ricetta.Step[4].sTarget','s','A;10;4;2316779;8'],
['GVL_OPCUA_Ricetta.Step[4].sParametro','s','A;10;4;2316790;8'],
['GVL_OPCUA_Ricetta.Step[4].bAttivo','b','A;1;4;2316801;8'],
['GVL_OPCUA_Ricetta.Step[4].bParallelo','b','A;1;4;2316802;8'],
['GVL_OPCUA_Ricetta.Step[5].sAsse','s','A;10;4;2316803;8'],
['GVL_OPCUA_Ricetta.Step[5].sTarget','s','A;10;4;2316814;8'],
['GVL_OPCUA_Ricetta.Step[5].sParametro','s','A;10;4;2316825;8'],
['GVL_OPCUA_Ricetta.Step[5].bAttivo','b','A;1;4;2316836;8'],
['GVL_OPCUA_Ricetta.Step[5].bParallelo','b','A;1;4;2316837;8'],
['GVL_OPCUA_Ricetta.Step[6].sAsse','s','A;10;4;2316838;8'],
['GVL_OPCUA_Ricetta.Step[6].sTarget','s','A;10;4;2316849;8'],
['GVL_OPCUA_Ricetta.Step[6].sParametro','s','A;10;4;2316860;8'],
['GVL_OPCUA_Ricetta.Step[6].bAttivo','b','A;1;4;2316871;8'],
['GVL_OPCUA_Ricetta.Step[6].bParallelo','b','A;1;4;2316872;8'],
['GVL_OPCUA_Ricetta.Step[7].sAsse','s','A;10;4;2316873;8'],
['GVL_OPCUA_Ricetta.Step[7].sTarget','s','A;10;4;2316884;8'],
['GVL_OPCUA_Ricetta.Step[7].sParametro','s','A;10;4;2316895;8'],
['GVL_OPCUA_Ricetta.Step[7].bAttivo','b','A;1;4;2316906;8'],
['GVL_OPCUA_Ricetta.Step[7].bParallelo','b','A;1;4;2316907;8'],
['GVL_OPCUA_Ricetta.Step[8].sAsse','s','A;10;4;2316908;8'],
['GVL_OPCUA_Ricetta.Step[8].sTarget','s','A;10;4;2316919;8'],
['GVL_OPCUA_Ricetta.Step[8].sParametro','s','A;10;4;2316930;8'],
['GVL_OPCUA_Ricetta.Step[8].bAttivo','b','A;1;4;2316941;8'],
['GVL_OPCUA_Ricetta.Step[8].bParallelo','b','A;1;4;2316942;8'],
['GVL_OPCUA_Ricetta.Step[9].sAsse','s','A;10;4;2316943;8'],
['GVL_OPCUA_Ricetta.Step[9].sTarget','s','A;10;4;2316954;8'],
['GVL_OPCUA_Ricetta.Step[9].sParametro','s','A;10;4;2316965;8'],
['GVL_OPCUA_Ricetta.Step[9].bAttivo','b','A;1;4;2316976;8'],
['GVL_OPCUA_Ricetta.Step[9].bParallelo','b','A;1;4;2316977;8'],
['GVL_OPCUA_Ricetta.Step[10].sAsse','s','A;10;4;2316978;8'],
['GVL_OPCUA_Ricetta.Step[10].sTarget','s','A;10;4;2316989;8'],
['GVL_OPCUA_Ricetta.Step[10].sParametro','s','A;10;4;2317000;8'],
['GVL_OPCUA_Ricetta.Step[10].bAttivo','b','A;1;4;2317011;8'],
['GVL_OPCUA_Ricetta.Step[10].bParallelo','b','A;1;4;2317012;8'],
['GVL_OPCUA_Ricetta.Step[11].sAsse','s','A;10;4;2317013;8'],
['GVL_OPCUA_Ricetta.Step[11].sTarget','s','A;10;4;2317024;8'],
['GVL_OPCUA_Ricetta.Step[11].sParametro','s','A;10;4;2317035;8'],
['GVL_OPCUA_Ricetta.Step[11].bAttivo','b','A;1;4;2317046;8'],
['GVL_OPCUA_Ricetta.Step[11].bParallelo','b','A;1;4;2317047;8'],
['GVL_OPCUA_Ricetta.Step[12].sAsse','s','A;10;4;2317048;8'],
['GVL_OPCUA_Ricetta.Step[12].sTarget','s','A;10;4;2317059;8'],
['GVL_OPCUA_Ricetta.Step[12].sParametro','s','A;10;4;2317070;8'],
['GVL_OPCUA_Ricetta.Step[12].bAttivo','b','A;1;4;2317081;8'],
['GVL_OPCUA_Ricetta.Step[12].bParallelo','b','A;1;4;2317082;8'],
['GVL_OPCUA_Ricetta.Step[13].sAsse','s','A;10;4;2317083;8'],
['GVL_OPCUA_Ricetta.Step[13].sTarget','s','A;10;4;2317094;8'],
['GVL_OPCUA_Ricetta.Step[13].sParametro','s','A;10;4;2317105;8'],
['GVL_OPCUA_Ricetta.Step[13].bAttivo','b','A;1;4;2317116;8'],
['GVL_OPCUA_Ricetta.Step[13].bParallelo','b','A;1;4;2317117;8'],
['GVL_OPCUA_Ricetta.Step[14].sAsse','s','A;10;4;2317118;8'],
['GVL_OPCUA_Ricetta.Step[14].sTarget','s','A;10;4;2317129;8'],
['GVL_OPCUA_Ricetta.Step[14].sParametro','s','A;10;4;2317140;8'],
['GVL_OPCUA_Ricetta.Step[14].bAttivo','b','A;1;4;2317151;8'],
['GVL_OPCUA_Ricetta.Step[14].bParallelo','b','A;1;4;2317152;8'],
['GVL_OPCUA_Ricetta.Step[15].sAsse','s','A;10;4;2317153;8'],
['GVL_OPCUA_Ricetta.Step[15].sTarget','s','A;10;4;2317164;8'],
['GVL_OPCUA_Ricetta.Step[15].sParametro','s','A;10;4;2317175;8'],
['GVL_OPCUA_Ricetta.Step[15].bAttivo','b','A;1;4;2317186;8'],
['GVL_OPCUA_Ricetta.Step[15].bParallelo','b','A;1;4;2317187;8'],
['GVL_OPCUA_Ricetta.Step[16].sAsse','s','A;10;4;2317188;8'],
['GVL_OPCUA_Ricetta.Step[16].sTarget','s','A;10;4;2317199;8'],
['GVL_OPCUA_Ricetta.Step[16].sParametro','s','A;10;4;2317210;8'],
['GVL_OPCUA_Ricetta.Step[16].bAttivo','b','A;1;4;2317221;8'],
['GVL_OPCUA_Ricetta.Step[16].bParallelo','b','A;1;4;2317222;8'],
['GVL_OPCUA_Ricetta.Step[17].sAsse','s','A;10;4;2317223;8'],
['GVL_OPCUA_Ricetta.Step[17].sTarget','s','A;10;4;2317234;8'],
['GVL_OPCUA_Ricetta.Step[17].sParametro','s','A;10;4;2317245;8'],
['GVL_OPCUA_Ricetta.Step[17].bAttivo','b','A;1;4;2317256;8'],
['GVL_OPCUA_Ricetta.Step[17].bParallelo','b','A;1;4;2317257;8'],
['GVL_OPCUA_Ricetta.Step[18].sAsse','s','A;10;4;2317258;8'],
['GVL_OPCUA_Ricetta.Step[18].sTarget','s','A;10;4;2317269;8'],
['GVL_OPCUA_Ricetta.Step[18].sParametro','s','A;10;4;2317280;8'],
['GVL_OPCUA_Ricetta.Step[18].bAttivo','b','A;1;4;2317291;8'],
['GVL_OPCUA_Ricetta.Step[18].bParallelo','b','A;1;4;2317292;8'],
['GVL_OPCUA_Ricetta.Step[19].sAsse','s','A;10;4;2317293;8'],
['GVL_OPCUA_Ricetta.Step[19].sTarget','s','A;10;4;2317304;8'],
['GVL_OPCUA_Ricetta.Step[19].sParametro','s','A;10;4;2317315;8'],
['GVL_OPCUA_Ricetta.Step[19].bAttivo','b','A;1;4;2317326;8'],
['GVL_OPCUA_Ricetta.Step[19].bParallelo','b','A;1;4;2317327;8'],
['GVL_OPCUA_Ricetta.Step[20].sAsse','s','A;10;4;2317328;8'],
['GVL_OPCUA_Ricetta.Step[20].sTarget','s','A;10;4;2317339;8'],
['GVL_OPCUA_Ricetta.Step[20].sParametro','s','A;10;4;2317350;8'],
['GVL_OPCUA_Ricetta.Step[20].bAttivo','b','A;1;4;2317361;8'],
['GVL_OPCUA_Ricetta.Step[20].bParallelo','b','A;1;4;2317362;8'],
['GVL_OPCUA_Ricetta.Step[21].sAsse','s','A;10;4;2317363;8'],
['GVL_OPCUA_Ricetta.Step[21].sTarget','s','A;10;4;2317374;8'],
['GVL_OPCUA_Ricetta.Step[21].sParametro','s','A;10;4;2317385;8'],
['GVL_OPCUA_Ricetta.Step[21].bAttivo','b','A;1;4;2317396;8'],
['GVL_OPCUA_Ricetta.Step[21].bParallelo','b','A;1;4;2317397;8'],
['GVL_OPCUA_Ricetta.Step[22].sAsse','s','A;10;4;2317398;8'],
['GVL_OPCUA_Ricetta.Step[22].sTarget','s','A;10;4;2317409;8'],
['GVL_OPCUA_Ricetta.Step[22].sParametro','s','A;10;4;2317420;8'],
['GVL_OPCUA_Ricetta.Step[22].bAttivo','b','A;1;4;2317431;8'],
['GVL_OPCUA_Ricetta.Step[22].bParallelo','b','A;1;4;2317432;8'],
['GVL_OPCUA_Ricetta.Step[23].sAsse','s','A;10;4;2317433;8'],
['GVL_OPCUA_Ricetta.Step[23].sTarget','s','A;10;4;2317444;8'],
['GVL_OPCUA_Ricetta.Step[23].sParametro','s','A;10;4;2317455;8'],
['GVL_OPCUA_Ricetta.Step[23].bAttivo','b','A;1;4;2317466;8'],
['GVL_OPCUA_Ricetta.Step[23].bParallelo','b','A;1;4;2317467;8'],
['GVL_OPCUA_Ricetta.Step[24].sAsse','s','A;10;4;2317468;8'],
['GVL_OPCUA_Ricetta.Step[24].sTarget','s','A;10;4;2317479;8'],
['GVL_OPCUA_Ricetta.Step[24].sParametro','s','A;10;4;2317490;8'],
['GVL_OPCUA_Ricetta.Step[24].bAttivo','b','A;1;4;2317501;8'],
['GVL_OPCUA_Ricetta.Step[24].bParallelo','b','A;1;4;2317502;8'],
['GVL_OPCUA_Ricetta.Step[25].sAsse','s','A;10;4;2317503;8'],
['GVL_OPCUA_Ricetta.Step[25].sTarget','s','A;10;4;2317514;8'],
['GVL_OPCUA_Ricetta.Step[25].sParametro','s','A;10;4;2317525;8'],
['GVL_OPCUA_Ricetta.Step[25].bAttivo','b','A;1;4;2317536;8'],
['GVL_OPCUA_Ricetta.Step[25].bParallelo','b','A;1;4;2317537;8'],
['GVL_OPCUA_Ricetta.Step[26].sAsse','s','A;10;4;2317538;8'],
['GVL_OPCUA_Ricetta.Step[26].sTarget','s','A;10;4;2317549;8'],
['GVL_OPCUA_Ricetta.Step[26].sParametro','s','A;10;4;2317560;8'],
['GVL_OPCUA_Ricetta.Step[26].bAttivo','b','A;1;4;2317571;8'],
['GVL_OPCUA_Ricetta.Step[26].bParallelo','b','A;1;4;2317572;8'],
['GVL_OPCUA_Ricetta.Step[27].sAsse','s','A;10;4;2317573;8'],
['GVL_OPCUA_Ricetta.Step[27].sTarget','s','A;10;4;2317584;8'],
['GVL_OPCUA_Ricetta.Step[27].sParametro','s','A;10;4;2317595;8'],
['GVL_OPCUA_Ricetta.Step[27].bAttivo','b','A;1;4;2317606;8'],
['GVL_OPCUA_Ricetta.Step[27].bParallelo','b','A;1;4;2317607;8'],
['GVL_OPCUA_Ricetta.Step[28].sAsse','s','A;10;4;2317608;8'],
['GVL_OPCUA_Ricetta.Step[28].sTarget','s','A;10;4;2317619;8'],
['GVL_OPCUA_Ricetta.Step[28].sParametro','s','A;10;4;2317630;8'],
['GVL_OPCUA_Ricetta.Step[28].bAttivo','b','A;1;4;2317641;8'],
['GVL_OPCUA_Ricetta.Step[28].bParallelo','b','A;1;4;2317642;8'],
['GVL_OPCUA_Ricetta.Step[29].sAsse','s','A;10;4;2317643;8'],
['GVL_OPCUA_Ricetta.Step[29].sTarget','s','A;10;4;2317654;8'],
['GVL_OPCUA_Ricetta.Step[29].sParametro','s','A;10;4;2317665;8'],
['GVL_OPCUA_Ricetta.Step[29].bAttivo','b','A;1;4;2317676;8'],
['GVL_OPCUA_Ricetta.Step[29].bParallelo','b','A;1;4;2317677;8'],
['GVL_OPCUA_Ricetta.Step[30].sAsse','s','A;10;4;2317678;8'],
['GVL_OPCUA_Ricetta.Step[30].sTarget','s','A;10;4;2317689;8'],
['GVL_OPCUA_Ricetta.Step[30].sParametro','s','A;10;4;2317700;8'],
['GVL_OPCUA_Ricetta.Step[30].bAttivo','b','A;1;4;2317711;8'],
['GVL_OPCUA_Ricetta.Step[30].bParallelo','b','A;1;4;2317712;8'],
['GVL_OPCUA_Ricetta.Step[31].sAsse','s','A;10;4;2317713;8'],
['GVL_OPCUA_Ricetta.Step[31].sTarget','s','A;10;4;2317724;8'],
['GVL_OPCUA_Ricetta.Step[31].sParametro','s','A;10;4;2317735;8'],
['GVL_OPCUA_Ricetta.Step[31].bAttivo','b','A;1;4;2317746;8'],
['GVL_OPCUA_Ricetta.Step[31].bParallelo','b','A;1;4;2317747;8'],
['GVL_OPCUA_Ricetta.Step[32].sAsse','s','A;10;4;2317748;8'],
['GVL_OPCUA_Ricetta.Step[32].sTarget','s','A;10;4;2317759;8'],
['GVL_OPCUA_Ricetta.Step[32].sParametro','s','A;10;4;2317770;8'],
['GVL_OPCUA_Ricetta.Step[32].bAttivo','b','A;1;4;2317781;8'],
['GVL_OPCUA_Ricetta.Step[32].bParallelo','b','A;1;4;2317782;8'],
['GVL_OPCUA_Ricetta.Step[33].sAsse','s','A;10;4;2317783;8'],
['GVL_OPCUA_Ricetta.Step[33].sTarget','s','A;10;4;2317794;8'],
['GVL_OPCUA_Ricetta.Step[33].sParametro','s','A;10;4;2317805;8'],
['GVL_OPCUA_Ricetta.Step[33].bAttivo','b','A;1;4;2317816;8'],
['GVL_OPCUA_Ricetta.Step[33].bParallelo','b','A;1;4;2317817;8'],
['GVL_OPCUA_Ricetta.Step[34].sAsse','s','A;10;4;2317818;8'],
['GVL_OPCUA_Ricetta.Step[34].sTarget','s','A;10;4;2317829;8'],
['GVL_OPCUA_Ricetta.Step[34].sParametro','s','A;10;4;2317840;8'],
['GVL_OPCUA_Ricetta.Step[34].bAttivo','b','A;1;4;2317851;8'],
['GVL_OPCUA_Ricetta.Step[34].bParallelo','b','A;1;4;2317852;8'],
['GVL_OPCUA_Ricetta.Step[35].sAsse','s','A;10;4;2317853;8'],
['GVL_OPCUA_Ricetta.Step[35].sTarget','s','A;10;4;2317864;8'],
['GVL_OPCUA_Ricetta.Step[35].sParametro','s','A;10;4;2317875;8'],
['GVL_OPCUA_Ricetta.Step[35].bAttivo','b','A;1;4;2317886;8'],
['GVL_OPCUA_Ricetta.Step[35].bParallelo','b','A;1;4;2317887;8'],
['GVL_OPCUA_Ricetta.Step[36].sAsse','s','A;10;4;2317888;8'],
['GVL_OPCUA_Ricetta.Step[36].sTarget','s','A;10;4;2317899;8'],
['GVL_OPCUA_Ricetta.Step[36].sParametro','s','A;10;4;2317910;8'],
['GVL_OPCUA_Ricetta.Step[36].bAttivo','b','A;1;4;2317921;8'],
['GVL_OPCUA_Ricetta.Step[36].bParallelo','b','A;1;4;2317922;8'],
['GVL_OPCUA_Ricetta.Step[37].sAsse','s','A;10;4;2317923;8'],
['GVL_OPCUA_Ricetta.Step[37].sTarget','s','A;10;4;2317934;8'],
['GVL_OPCUA_Ricetta.Step[37].sParametro','s','A;10;4;2317945;8'],
['GVL_OPCUA_Ricetta.Step[37].bAttivo','b','A;1;4;2317956;8'],
['GVL_OPCUA_Ricetta.Step[37].bParallelo','b','A;1;4;2317957;8'],
['GVL_OPCUA_Ricetta.Step[38].sAsse','s','A;10;4;2317958;8'],
['GVL_OPCUA_Ricetta.Step[38].sTarget','s','A;10;4;2317969;8'],
['GVL_OPCUA_Ricetta.Step[38].sParametro','s','A;10;4;2317980;8'],
['GVL_OPCUA_Ricetta.Step[38].bAttivo','b','A;1;4;2317991;8'],
['GVL_OPCUA_Ricetta.Step[38].bParallelo','b','A;1;4;2317992;8'],
['GVL_OPCUA_Ricetta.Step[39].sAsse','s','A;10;4;2317993;8'],
['GVL_OPCUA_Ricetta.Step[39].sTarget','s','A;10;4;2318004;8'],
['GVL_OPCUA_Ricetta.Step[39].sParametro','s','A;10;4;2318015;8'],
['GVL_OPCUA_Ricetta.Step[39].bAttivo','b','A;1;4;2318026;8'],
['GVL_OPCUA_Ricetta.Step[39].bParallelo','b','A;1;4;2318027;8'],
['GVL_OPCUA_Ricetta.Step[40].sAsse','s','A;10;4;2318028;8'],
['GVL_OPCUA_Ricetta.Step[40].sTarget','s','A;10;4;2318039;8'],
['GVL_OPCUA_Ricetta.Step[40].sParametro','s','A;10;4;2318050;8'],
['GVL_OPCUA_Ricetta.Step[40].bAttivo','b','A;1;4;2318061;8'],
['GVL_OPCUA_Ricetta.Step[40].bParallelo','b','A;1;4;2318062;8'],
['GVL_OPCUA_Ricetta.Step[41].sAsse','s','A;10;4;2318063;8'],
['GVL_OPCUA_Ricetta.Step[41].sTarget','s','A;10;4;2318074;8'],
['GVL_OPCUA_Ricetta.Step[41].sParametro','s','A;10;4;2318085;8'],
['GVL_OPCUA_Ricetta.Step[41].bAttivo','b','A;1;4;2318096;8'],
['GVL_OPCUA_Ricetta.Step[41].bParallelo','b','A;1;4;2318097;8'],
['GVL_OPCUA_Ricetta.Step[42].sAsse','s','A;10;4;2318098;8'],
['GVL_OPCUA_Ricetta.Step[42].sTarget','s','A;10;4;2318109;8'],
['GVL_OPCUA_Ricetta.Step[42].sParametro','s','A;10;4;2318120;8'],
['GVL_OPCUA_Ricetta.Step[42].bAttivo','b','A;1;4;2318131;8'],
['GVL_OPCUA_Ricetta.Step[42].bParallelo','b','A;1;4;2318132;8'],
['GVL_OPCUA_Ricetta.Step[43].sAsse','s','A;10;4;2318133;8'],
['GVL_OPCUA_Ricetta.Step[43].sTarget','s','A;10;4;2318144;8'],
['GVL_OPCUA_Ricetta.Step[43].sParametro','s','A;10;4;2318155;8'],
['GVL_OPCUA_Ricetta.Step[43].bAttivo','b','A;1;4;2318166;8'],
['GVL_OPCUA_Ricetta.Step[43].bParallelo','b','A;1;4;2318167;8'],
['GVL_OPCUA_Ricetta.Step[44].sAsse','s','A;10;4;2318168;8'],
['GVL_OPCUA_Ricetta.Step[44].sTarget','s','A;10;4;2318179;8'],
['GVL_OPCUA_Ricetta.Step[44].sParametro','s','A;10;4;2318190;8'],
['GVL_OPCUA_Ricetta.Step[44].bAttivo','b','A;1;4;2318201;8'],
['GVL_OPCUA_Ricetta.Step[44].bParallelo','b','A;1;4;2318202;8'],
['GVL_OPCUA_Ricetta.Step[45].sAsse','s','A;10;4;2318203;8'],
['GVL_OPCUA_Ricetta.Step[45].sTarget','s','A;10;4;2318214;8'],
['GVL_OPCUA_Ricetta.Step[45].sParametro','s','A;10;4;2318225;8'],
['GVL_OPCUA_Ricetta.Step[45].bAttivo','b','A;1;4;2318236;8'],
['GVL_OPCUA_Ricetta.Step[45].bParallelo','b','A;1;4;2318237;8'],
['GVL_OPCUA_Ricetta.Step[46].sAsse','s','A;10;4;2318238;8'],
['GVL_OPCUA_Ricetta.Step[46].sTarget','s','A;10;4;2318249;8'],
['GVL_OPCUA_Ricetta.Step[46].sParametro','s','A;10;4;2318260;8'],
['GVL_OPCUA_Ricetta.Step[46].bAttivo','b','A;1;4;2318271;8'],
['GVL_OPCUA_Ricetta.Step[46].bParallelo','b','A;1;4;2318272;8'],
['GVL_OPCUA_Ricetta.Step[47].sAsse','s','A;10;4;2318273;8'],
['GVL_OPCUA_Ricetta.Step[47].sTarget','s','A;10;4;2318284;8'],
['GVL_OPCUA_Ricetta.Step[47].sParametro','s','A;10;4;2318295;8'],
['GVL_OPCUA_Ricetta.Step[47].bAttivo','b','A;1;4;2318306;8'],
['GVL_OPCUA_Ricetta.Step[47].bParallelo','b','A;1;4;2318307;8'],
['GVL_OPCUA_Ricetta.Step[48].sAsse','s','A;10;4;2318308;8'],
['GVL_OPCUA_Ricetta.Step[48].sTarget','s','A;10;4;2318319;8'],
['GVL_OPCUA_Ricetta.Step[48].sParametro','s','A;10;4;2318330;8'],
['GVL_OPCUA_Ricetta.Step[48].bAttivo','b','A;1;4;2318341;8'],
['GVL_OPCUA_Ricetta.Step[48].bParallelo','b','A;1;4;2318342;8'],
['GVL_OPCUA_Ricetta.Step[49].sAsse','s','A;10;4;2318343;8'],
['GVL_OPCUA_Ricetta.Step[49].sTarget','s','A;10;4;2318354;8'],
['GVL_OPCUA_Ricetta.Step[49].sParametro','s','A;10;4;2318365;8'],
['GVL_OPCUA_Ricetta.Step[49].bAttivo','b','A;1;4;2318376;8'],
['GVL_OPCUA_Ricetta.Step[49].bParallelo','b','A;1;4;2318377;8'],
['GVL_OPCUA_Ricetta.Step[50].sAsse','s','A;10;4;2318378;8'],
['GVL_OPCUA_Ricetta.Step[50].sTarget','s','A;10;4;2318389;8'],
['GVL_OPCUA_Ricetta.Step[50].sParametro','s','A;10;4;2318400;8'],
['GVL_OPCUA_Ricetta.Step[50].bAttivo','b','A;1;4;2318411;8'],
['GVL_OPCUA_Ricetta.Step[50].bParallelo','b','A;1;4;2318412;8'],
['GVL_OPCUA_Ricetta.Step[51].sAsse','s','A;10;4;2318413;8'],
['GVL_OPCUA_Ricetta.Step[51].sTarget','s','A;10;4;2318424;8'],
['GVL_OPCUA_Ricetta.Step[51].sParametro','s','A;10;4;2318435;8'],
['GVL_OPCUA_Ricetta.Step[51].bAttivo','b','A;1;4;2318446;8'],
['GVL_OPCUA_Ricetta.Step[51].bParallelo','b','A;1;4;2318447;8'],
['GVL_OPCUA_Ricetta.Step[52].sAsse','s','A;10;4;2318448;8'],
['GVL_OPCUA_Ricetta.Step[52].sTarget','s','A;10;4;2318459;8'],
['GVL_OPCUA_Ricetta.Step[52].sParametro','s','A;10;4;2318470;8'],
['GVL_OPCUA_Ricetta.Step[52].bAttivo','b','A;1;4;2318481;8'],
['GVL_OPCUA_Ricetta.Step[52].bParallelo','b','A;1;4;2318482;8'],
['GVL_OPCUA_Ricetta.Step[53].sAsse','s','A;10;4;2318483;8'],
['GVL_OPCUA_Ricetta.Step[53].sTarget','s','A;10;4;2318494;8'],
['GVL_OPCUA_Ricetta.Step[53].sParametro','s','A;10;4;2318505;8'],
['GVL_OPCUA_Ricetta.Step[53].bAttivo','b','A;1;4;2318516;8'],
['GVL_OPCUA_Ricetta.Step[53].bParallelo','b','A;1;4;2318517;8'],
['GVL_OPCUA_Ricetta.Step[54].sAsse','s','A;10;4;2318518;8'],
['GVL_OPCUA_Ricetta.Step[54].sTarget','s','A;10;4;2318529;8'],
['GVL_OPCUA_Ricetta.Step[54].sParametro','s','A;10;4;2318540;8'],
['GVL_OPCUA_Ricetta.Step[54].bAttivo','b','A;1;4;2318551;8'],
['GVL_OPCUA_Ricetta.Step[54].bParallelo','b','A;1;4;2318552;8'],
['GVL_OPCUA_Ricetta.Step[55].sAsse','s','A;10;4;2318553;8'],
['GVL_OPCUA_Ricetta.Step[55].sTarget','s','A;10;4;2318564;8'],
['GVL_OPCUA_Ricetta.Step[55].sParametro','s','A;10;4;2318575;8'],
['GVL_OPCUA_Ricetta.Step[55].bAttivo','b','A;1;4;2318586;8'],
['GVL_OPCUA_Ricetta.Step[55].bParallelo','b','A;1;4;2318587;8'],
['GVL_OPCUA_Ricetta.Step[56].sAsse','s','A;10;4;2318588;8'],
['GVL_OPCUA_Ricetta.Step[56].sTarget','s','A;10;4;2318599;8'],
['GVL_OPCUA_Ricetta.Step[56].sParametro','s','A;10;4;2318610;8'],
['GVL_OPCUA_Ricetta.Step[56].bAttivo','b','A;1;4;2318621;8'],
['GVL_OPCUA_Ricetta.Step[56].bParallelo','b','A;1;4;2318622;8'],
['GVL_OPCUA_Ricetta.Step[57].sAsse','s','A;10;4;2318623;8'],
['GVL_OPCUA_Ricetta.Step[57].sTarget','s','A;10;4;2318634;8'],
['GVL_OPCUA_Ricetta.Step[57].sParametro','s','A;10;4;2318645;8'],
['GVL_OPCUA_Ricetta.Step[57].bAttivo','b','A;1;4;2318656;8'],
['GVL_OPCUA_Ricetta.Step[57].bParallelo','b','A;1;4;2318657;8'],
['GVL_OPCUA_Ricetta.Step[58].sAsse','s','A;10;4;2318658;8'],
['GVL_OPCUA_Ricetta.Step[58].sTarget','s','A;10;4;2318669;8'],
['GVL_OPCUA_Ricetta.Step[58].sParametro','s','A;10;4;2318680;8'],
['GVL_OPCUA_Ricetta.Step[58].bAttivo','b','A;1;4;2318691;8'],
['GVL_OPCUA_Ricetta.Step[58].bParallelo','b','A;1;4;2318692;8'],
['GVL_OPCUA_Ricetta.Step[59].sAsse','s','A;10;4;2318693;8'],
['GVL_OPCUA_Ricetta.Step[59].sTarget','s','A;10;4;2318704;8'],
['GVL_OPCUA_Ricetta.Step[59].sParametro','s','A;10;4;2318715;8'],
['GVL_OPCUA_Ricetta.Step[59].bAttivo','b','A;1;4;2318726;8'],
['GVL_OPCUA_Ricetta.Step[59].bParallelo','b','A;1;4;2318727;8'],
['GVL_OPCUA_Ricetta.Step[60].sAsse','s','A;10;4;2318728;8'],
['GVL_OPCUA_Ricetta.Step[60].sTarget','s','A;10;4;2318739;8'],
['GVL_OPCUA_Ricetta.Step[60].sParametro','s','A;10;4;2318750;8'],
['GVL_OPCUA_Ricetta.Step[60].bAttivo','b','A;1;4;2318761;8'],
['GVL_OPCUA_Ricetta.Step[60].bParallelo','b','A;1;4;2318762;8'],
['GVL_OPCUA_Ricetta.Step[61].sAsse','s','A;10;4;2318763;8'],
['GVL_OPCUA_Ricetta.Step[61].sTarget','s','A;10;4;2318774;8'],
['GVL_OPCUA_Ricetta.Step[61].sParametro','s','A;10;4;2318785;8'],
['GVL_OPCUA_Ricetta.Step[61].bAttivo','b','A;1;4;2318796;8'],
['GVL_OPCUA_Ricetta.Step[61].bParallelo','b','A;1;4;2318797;8'],
['GVL_OPCUA_Ricetta.Step[62].sAsse','s','A;10;4;2318798;8'],
['GVL_OPCUA_Ricetta.Step[62].sTarget','s','A;10;4;2318809;8'],
['GVL_OPCUA_Ricetta.Step[62].sParametro','s','A;10;4;2318820;8'],
['GVL_OPCUA_Ricetta.Step[62].bAttivo','b','A;1;4;2318831;8'],
['GVL_OPCUA_Ricetta.Step[62].bParallelo','b','A;1;4;2318832;8'],
['GVL_OPCUA_Ricetta.Step[63].sAsse','s','A;10;4;2318833;8'],
['GVL_OPCUA_Ricetta.Step[63].sTarget','s','A;10;4;2318844;8'],
['GVL_OPCUA_Ricetta.Step[63].sParametro','s','A;10;4;2318855;8'],
['GVL_OPCUA_Ricetta.Step[63].bAttivo','b','A;1;4;2318866;8'],
['GVL_OPCUA_Ricetta.Step[63].bParallelo','b','A;1;4;2318867;8'],
['GVL_OPCUA_Ricetta.Step[64].sAsse','s','A;10;4;2318868;8'],
['GVL_OPCUA_Ricetta.Step[64].sTarget','s','A;10;4;2318879;8'],
['GVL_OPCUA_Ricetta.Step[64].sParametro','s','A;10;4;2318890;8'],
['GVL_OPCUA_Ricetta.Step[64].bAttivo','b','A;1;4;2318901;8'],
['GVL_OPCUA_Ricetta.Step[64].bParallelo','b','A;1;4;2318902;8'],
['GVL_OPCUA_Ricetta.Step[65].sAsse','s','A;10;4;2318903;8'],
['GVL_OPCUA_Ricetta.Step[65].sTarget','s','A;10;4;2318914;8'],
['GVL_OPCUA_Ricetta.Step[65].sParametro','s','A;10;4;2318925;8'],
['GVL_OPCUA_Ricetta.Step[65].bAttivo','b','A;1;4;2318936;8'],
['GVL_OPCUA_Ricetta.Step[65].bParallelo','b','A;1;4;2318937;8'],
['GVL_OPCUA_Ricetta.Step[66].sAsse','s','A;10;4;2318938;8'],
['GVL_OPCUA_Ricetta.Step[66].sTarget','s','A;10;4;2318949;8'],
['GVL_OPCUA_Ricetta.Step[66].sParametro','s','A;10;4;2318960;8'],
['GVL_OPCUA_Ricetta.Step[66].bAttivo','b','A;1;4;2318971;8'],
['GVL_OPCUA_Ricetta.Step[66].bParallelo','b','A;1;4;2318972;8'],
['GVL_OPCUA_Ricetta.Step[67].sAsse','s','A;10;4;2318973;8'],
['GVL_OPCUA_Ricetta.Step[67].sTarget','s','A;10;4;2318984;8'],
['GVL_OPCUA_Ricetta.Step[67].sParametro','s','A;10;4;2318995;8'],
['GVL_OPCUA_Ricetta.Step[67].bAttivo','b','A;1;4;2319006;8'],
['GVL_OPCUA_Ricetta.Step[67].bParallelo','b','A;1;4;2319007;8'],
['GVL_OPCUA_Ricetta.Step[68].sAsse','s','A;10;4;2319008;8'],
['GVL_OPCUA_Ricetta.Step[68].sTarget','s','A;10;4;2319019;8'],
['GVL_OPCUA_Ricetta.Step[68].sParametro','s','A;10;4;2319030;8'],
['GVL_OPCUA_Ricetta.Step[68].bAttivo','b','A;1;4;2319041;8'],
['GVL_OPCUA_Ricetta.Step[68].bParallelo','b','A;1;4;2319042;8'],
['GVL_OPCUA_Ricetta.Step[69].sAsse','s','A;10;4;2319043;8'],
['GVL_OPCUA_Ricetta.Step[69].sTarget','s','A;10;4;2319054;8'],
['GVL_OPCUA_Ricetta.Step[69].sParametro','s','A;10;4;2319065;8'],
['GVL_OPCUA_Ricetta.Step[69].bAttivo','b','A;1;4;2319076;8'],
['GVL_OPCUA_Ricetta.Step[69].bParallelo','b','A;1;4;2319077;8'],
['GVL_OPCUA_Ricetta.Step[70].sAsse','s','A;10;4;2319078;8'],
['GVL_OPCUA_Ricetta.Step[70].sTarget','s','A;10;4;2319089;8'],
['GVL_OPCUA_Ricetta.Step[70].sParametro','s','A;10;4;2319100;8'],
['GVL_OPCUA_Ricetta.Step[70].bAttivo','b','A;1;4;2319111;8'],
['GVL_OPCUA_Ricetta.Step[70].bParallelo','b','A;1;4;2319112;8'],
['GVL_OPCUA_Ricetta.Step[71].sAsse','s','A;10;4;2319113;8'],
['GVL_OPCUA_Ricetta.Step[71].sTarget','s','A;10;4;2319124;8'],
['GVL_OPCUA_Ricetta.Step[71].sParametro','s','A;10;4;2319135;8'],
['GVL_OPCUA_Ricetta.Step[71].bAttivo','b','A;1;4;2319146;8'],
['GVL_OPCUA_Ricetta.Step[71].bParallelo','b','A;1;4;2319147;8'],
['GVL_OPCUA_Ricetta.Step[72].sAsse','s','A;10;4;2319148;8'],
['GVL_OPCUA_Ricetta.Step[72].sTarget','s','A;10;4;2319159;8'],
['GVL_OPCUA_Ricetta.Step[72].sParametro','s','A;10;4;2319170;8'],
['GVL_OPCUA_Ricetta.Step[72].bAttivo','b','A;1;4;2319181;8'],
['GVL_OPCUA_Ricetta.Step[72].bParallelo','b','A;1;4;2319182;8'],
['GVL_OPCUA_Ricetta.Step[73].sAsse','s','A;10;4;2319183;8'],
['GVL_OPCUA_Ricetta.Step[73].sTarget','s','A;10;4;2319194;8'],
['GVL_OPCUA_Ricetta.Step[73].sParametro','s','A;10;4;2319205;8'],
['GVL_OPCUA_Ricetta.Step[73].bAttivo','b','A;1;4;2319216;8'],
['GVL_OPCUA_Ricetta.Step[73].bParallelo','b','A;1;4;2319217;8'],
['GVL_OPCUA_Ricetta.Step[74].sAsse','s','A;10;4;2319218;8'],
['GVL_OPCUA_Ricetta.Step[74].sTarget','s','A;10;4;2319229;8'],
['GVL_OPCUA_Ricetta.Step[74].sParametro','s','A;10;4;2319240;8'],
['GVL_OPCUA_Ricetta.Step[74].bAttivo','b','A;1;4;2319251;8'],
['GVL_OPCUA_Ricetta.Step[74].bParallelo','b','A;1;4;2319252;8'],
['GVL_OPCUA_Ricetta.Step[75].sAsse','s','A;10;4;2319253;8'],
['GVL_OPCUA_Ricetta.Step[75].sTarget','s','A;10;4;2319264;8'],
['GVL_OPCUA_Ricetta.Step[75].sParametro','s','A;10;4;2319275;8'],
['GVL_OPCUA_Ricetta.Step[75].bAttivo','b','A;1;4;2319286;8'],
['GVL_OPCUA_Ricetta.Step[75].bParallelo','b','A;1;4;2319287;8'],
['GVL_OPCUA_Ricetta.Step[76].sAsse','s','A;10;4;2319288;8'],
['GVL_OPCUA_Ricetta.Step[76].sTarget','s','A;10;4;2319299;8'],
['GVL_OPCUA_Ricetta.Step[76].sParametro','s','A;10;4;2319310;8'],
['GVL_OPCUA_Ricetta.Step[76].bAttivo','b','A;1;4;2319321;8'],
['GVL_OPCUA_Ricetta.Step[76].bParallelo','b','A;1;4;2319322;8'],
['GVL_OPCUA_Ricetta.Step[77].sAsse','s','A;10;4;2319323;8'],
['GVL_OPCUA_Ricetta.Step[77].sTarget','s','A;10;4;2319334;8'],
['GVL_OPCUA_Ricetta.Step[77].sParametro','s','A;10;4;2319345;8'],
['GVL_OPCUA_Ricetta.Step[77].bAttivo','b','A;1;4;2319356;8'],
['GVL_OPCUA_Ricetta.Step[77].bParallelo','b','A;1;4;2319357;8'],
['GVL_OPCUA_Ricetta.Step[78].sAsse','s','A;10;4;2319358;8'],
['GVL_OPCUA_Ricetta.Step[78].sTarget','s','A;10;4;2319369;8'],
['GVL_OPCUA_Ricetta.Step[78].sParametro','s','A;10;4;2319380;8'],
['GVL_OPCUA_Ricetta.Step[78].bAttivo','b','A;1;4;2319391;8'],
['GVL_OPCUA_Ricetta.Step[78].bParallelo','b','A;1;4;2319392;8'],
['GVL_OPCUA_Ricetta.Step[79].sAsse','s','A;10;4;2319393;8'],
['GVL_OPCUA_Ricetta.Step[79].sTarget','s','A;10;4;2319404;8'],
['GVL_OPCUA_Ricetta.Step[79].sParametro','s','A;10;4;2319415;8'],
['GVL_OPCUA_Ricetta.Step[79].bAttivo','b','A;1;4;2319426;8'],
['GVL_OPCUA_Ricetta.Step[79].bParallelo','b','A;1;4;2319427;8'],
['GVL_OPCUA_Ricetta.Step[80].sAsse','s','A;10;4;2319428;8'],
['GVL_OPCUA_Ricetta.Step[80].sTarget','s','A;10;4;2319439;8'],
['GVL_OPCUA_Ricetta.Step[80].sParametro','s','A;10;4;2319450;8'],
['GVL_OPCUA_Ricetta.Step[80].bAttivo','b','A;1;4;2319461;8'],
['GVL_OPCUA_Ricetta.Step[80].bParallelo','b','A;1;4;2319462;8'],
['GVL_OPCUA_Ricetta.Step[81].sAsse','s','A;10;4;2319463;8'],
['GVL_OPCUA_Ricetta.Step[81].sTarget','s','A;10;4;2319474;8'],
['GVL_OPCUA_Ricetta.Step[81].sParametro','s','A;10;4;2319485;8'],
['GVL_OPCUA_Ricetta.Step[81].bAttivo','b','A;1;4;2319496;8'],
['GVL_OPCUA_Ricetta.Step[81].bParallelo','b','A;1;4;2319497;8'],
['GVL_OPCUA_Ricetta.Step[82].sAsse','s','A;10;4;2319498;8'],
['GVL_OPCUA_Ricetta.Step[82].sTarget','s','A;10;4;2319509;8'],
['GVL_OPCUA_Ricetta.Step[82].sParametro','s','A;10;4;2319520;8'],
['GVL_OPCUA_Ricetta.Step[82].bAttivo','b','A;1;4;2319531;8'],
['GVL_OPCUA_Ricetta.Step[82].bParallelo','b','A;1;4;2319532;8'],
['GVL_OPCUA_Ricetta.Step[83].sAsse','s','A;10;4;2319533;8'],
['GVL_OPCUA_Ricetta.Step[83].sTarget','s','A;10;4;2319544;8'],
['GVL_OPCUA_Ricetta.Step[83].sParametro','s','A;10;4;2319555;8'],
['GVL_OPCUA_Ricetta.Step[83].bAttivo','b','A;1;4;2319566;8'],
['GVL_OPCUA_Ricetta.Step[83].bParallelo','b','A;1;4;2319567;8'],
['GVL_OPCUA_Ricetta.Step[84].sAsse','s','A;10;4;2319568;8'],
['GVL_OPCUA_Ricetta.Step[84].sTarget','s','A;10;4;2319579;8'],
['GVL_OPCUA_Ricetta.Step[84].sParametro','s','A;10;4;2319590;8'],
['GVL_OPCUA_Ricetta.Step[84].bAttivo','b','A;1;4;2319601;8'],
['GVL_OPCUA_Ricetta.Step[84].bParallelo','b','A;1;4;2319602;8'],
['GVL_OPCUA_Ricetta.Step[85].sAsse','s','A;10;4;2319603;8'],
['GVL_OPCUA_Ricetta.Step[85].sTarget','s','A;10;4;2319614;8'],
['GVL_OPCUA_Ricetta.Step[85].sParametro','s','A;10;4;2319625;8'],
['GVL_OPCUA_Ricetta.Step[85].bAttivo','b','A;1;4;2319636;8'],
['GVL_OPCUA_Ricetta.Step[85].bParallelo','b','A;1;4;2319637;8'],
['GVL_OPCUA_Ricetta.Step[86].sAsse','s','A;10;4;2319638;8'],
['GVL_OPCUA_Ricetta.Step[86].sTarget','s','A;10;4;2319649;8'],
['GVL_OPCUA_Ricetta.Step[86].sParametro','s','A;10;4;2319660;8'],
['GVL_OPCUA_Ricetta.Step[86].bAttivo','b','A;1;4;2319671;8'],
['GVL_OPCUA_Ricetta.Step[86].bParallelo','b','A;1;4;2319672;8'],
['GVL_OPCUA_Ricetta.Step[87].sAsse','s','A;10;4;2319673;8'],
['GVL_OPCUA_Ricetta.Step[87].sTarget','s','A;10;4;2319684;8'],
['GVL_OPCUA_Ricetta.Step[87].sParametro','s','A;10;4;2319695;8'],
['GVL_OPCUA_Ricetta.Step[87].bAttivo','b','A;1;4;2319706;8'],
['GVL_OPCUA_Ricetta.Step[87].bParallelo','b','A;1;4;2319707;8'],
['GVL_OPCUA_Ricetta.Step[88].sAsse','s','A;10;4;2319708;8'],
['GVL_OPCUA_Ricetta.Step[88].sTarget','s','A;10;4;2319719;8'],
['GVL_OPCUA_Ricetta.Step[88].sParametro','s','A;10;4;2319730;8'],
['GVL_OPCUA_Ricetta.Step[88].bAttivo','b','A;1;4;2319741;8'],
['GVL_OPCUA_Ricetta.Step[88].bParallelo','b','A;1;4;2319742;8'],
['GVL_OPCUA_Ricetta.Step[89].sAsse','s','A;10;4;2319743;8'],
['GVL_OPCUA_Ricetta.Step[89].sTarget','s','A;10;4;2319754;8'],
['GVL_OPCUA_Ricetta.Step[89].sParametro','s','A;10;4;2319765;8'],
['GVL_OPCUA_Ricetta.Step[89].bAttivo','b','A;1;4;2319776;8'],
['GVL_OPCUA_Ricetta.Step[89].bParallelo','b','A;1;4;2319777;8'],
['GVL_OPCUA_Ricetta.Step[90].sAsse','s','A;10;4;2319778;8'],
['GVL_OPCUA_Ricetta.Step[90].sTarget','s','A;10;4;2319789;8'],
['GVL_OPCUA_Ricetta.Step[90].sParametro','s','A;10;4;2319800;8'],
['GVL_OPCUA_Ricetta.Step[90].bAttivo','b','A;1;4;2319811;8'],
['GVL_OPCUA_Ricetta.Step[90].bParallelo','b','A;1;4;2319812;8'],
['GVL_OPCUA_Ricetta.Step[91].sAsse','s','A;10;4;2319813;8'],
['GVL_OPCUA_Ricetta.Step[91].sTarget','s','A;10;4;2319824;8'],
['GVL_OPCUA_Ricetta.Step[91].sParametro','s','A;10;4;2319835;8'],
['GVL_OPCUA_Ricetta.Step[91].bAttivo','b','A;1;4;2319846;8'],
['GVL_OPCUA_Ricetta.Step[91].bParallelo','b','A;1;4;2319847;8'],
['GVL_OPCUA_Ricetta.Step[92].sAsse','s','A;10;4;2319848;8'],
['GVL_OPCUA_Ricetta.Step[92].sTarget','s','A;10;4;2319859;8'],
['GVL_OPCUA_Ricetta.Step[92].sParametro','s','A;10;4;2319870;8'],
['GVL_OPCUA_Ricetta.Step[92].bAttivo','b','A;1;4;2319881;8'],
['GVL_OPCUA_Ricetta.Step[92].bParallelo','b','A;1;4;2319882;8'],
['GVL_OPCUA_Ricetta.Step[93].sAsse','s','A;10;4;2319883;8'],
['GVL_OPCUA_Ricetta.Step[93].sTarget','s','A;10;4;2319894;8'],
['GVL_OPCUA_Ricetta.Step[93].sParametro','s','A;10;4;2319905;8'],
['GVL_OPCUA_Ricetta.Step[93].bAttivo','b','A;1;4;2319916;8'],
['GVL_OPCUA_Ricetta.Step[93].bParallelo','b','A;1;4;2319917;8'],
['GVL_OPCUA_Ricetta.Step[94].sAsse','s','A;10;4;2319918;8'],
['GVL_OPCUA_Ricetta.Step[94].sTarget','s','A;10;4;2319929;8'],
['GVL_OPCUA_Ricetta.Step[94].sParametro','s','A;10;4;2319940;8'],
['GVL_OPCUA_Ricetta.Step[94].bAttivo','b','A;1;4;2319951;8'],
['GVL_OPCUA_Ricetta.Step[94].bParallelo','b','A;1;4;2319952;8'],
['GVL_OPCUA_Ricetta.Step[95].sAsse','s','A;10;4;2319953;8'],
['GVL_OPCUA_Ricetta.Step[95].sTarget','s','A;10;4;2319964;8'],
['GVL_OPCUA_Ricetta.Step[95].sParametro','s','A;10;4;2319975;8'],
['GVL_OPCUA_Ricetta.Step[95].bAttivo','b','A;1;4;2319986;8'],
['GVL_OPCUA_Ricetta.Step[95].bParallelo','b','A;1;4;2319987;8'],
['GVL_OPCUA_Ricetta.Step[96].sAsse','s','A;10;4;2319988;8'],
['GVL_OPCUA_Ricetta.Step[96].sTarget','s','A;10;4;2319999;8'],
['GVL_OPCUA_Ricetta.Step[96].sParametro','s','A;10;4;2320010;8'],
['GVL_OPCUA_Ricetta.Step[96].bAttivo','b','A;1;4;2320021;8'],
['GVL_OPCUA_Ricetta.Step[96].bParallelo','b','A;1;4;2320022;8'],
['GVL_OPCUA_Ricetta.Step[97].sAsse','s','A;10;4;2320023;8'],
['GVL_OPCUA_Ricetta.Step[97].sTarget','s','A;10;4;2320034;8'],
['GVL_OPCUA_Ricetta.Step[97].sParametro','s','A;10;4;2320045;8'],
['GVL_OPCUA_Ricetta.Step[97].bAttivo','b','A;1;4;2320056;8'],
['GVL_OPCUA_Ricetta.Step[97].bParallelo','b','A;1;4;2320057;8'],
['GVL_OPCUA_Ricetta.Step[98].sAsse','s','A;10;4;2320058;8'],
['GVL_OPCUA_Ricetta.Step[98].sTarget','s','A;10;4;2320069;8'],
['GVL_OPCUA_Ricetta.Step[98].sParametro','s','A;10;4;2320080;8'],
['GVL_OPCUA_Ricetta.Step[98].bAttivo','b','A;1;4;2320091;8'],
['GVL_OPCUA_Ricetta.Step[98].bParallelo','b','A;1;4;2320092;8'],
['GVL_OPCUA_Ricetta.Step[99].sAsse','s','A;10;4;2320093;8'],
['GVL_OPCUA_Ricetta.Step[99].sTarget','s','A;10;4;2320104;8'],
['GVL_OPCUA_Ricetta.Step[99].sParametro','s','A;10;4;2320115;8'],
['GVL_OPCUA_Ricetta.Step[99].bAttivo','b','A;1;4;2320126;8'],
['GVL_OPCUA_Ricetta.Step[99].bParallelo','b','A;1;4;2320127;8'],
['GVL_OPCUA_Ricetta.Step[100].sAsse','s','A;10;4;2320128;8'],
['GVL_OPCUA_Ricetta.Step[100].sTarget','s','A;10;4;2320139;8'],
['GVL_OPCUA_Ricetta.Step[100].sParametro','s','A;10;4;2320150;8'],
['GVL_OPCUA_Ricetta.Step[100].bAttivo','b','A;1;4;2320161;8'],
['GVL_OPCUA_Ricetta.Step[100].bParallelo','b','A;1;4;2320162;8'],
['GVL_OPCUA_Ricetta.Step[101].sAsse','s','A;10;4;2320163;8'],
['GVL_OPCUA_Ricetta.Step[101].sTarget','s','A;10;4;2320174;8'],
['GVL_OPCUA_Ricetta.Step[101].sParametro','s','A;10;4;2320185;8'],
['GVL_OPCUA_Ricetta.Step[101].bAttivo','b','A;1;4;2320196;8'],
['GVL_OPCUA_Ricetta.Step[101].bParallelo','b','A;1;4;2320197;8'],
['GVL_OPCUA_Ricetta.iPezziProduzione','I','A;4;4;2320200;8'],
['GVL_OPCUA_Ricetta.iPezziCompleti','I','A;4;4;2320204;8']
];
